{
  "version": "1.5.0",
  "plugins_used": [
    {
      "name": "ArtifactoryDetector"
    },
    {
      "name": "AWSKeyDetector"
    },
    {
      "name": "AzureStorageKeyDetector"
    },
    {
      "name": "Base64HighEntropyString",
      "limit": 4.5
    },
    {
      "name": "BasicAuthDetector"
    },
    {
      "name": "CloudantDetector"
    },
    {
      "name": "DiscordBotTokenDetector"
    },
    {
      "name": "GitHubTokenDetector"
    },
    {
      "name": "GitLabTokenDetector"
    },
    {
      "name": "HexHighEntropyString",
      "limit": 3.0
    },
    {
      "name": "IbmCloudIamDetector"
    },
    {
      "name": "IbmCosHmacDetector"
    },
    {
      "name": "IPPublicDetector"
    },
    {
      "name": "JwtTokenDetector"
    },
    {
      "name": "KeywordDetector",
      "keyword_exclude": ""
    },
    {
      "name": "MailchimpDetector"
    },
    {
      "name": "NpmDetector"
    },
    {
      "name": "OpenAIDetector"
    },
    {
      "name": "PrivateKeyDetector"
    },
    {
      "name": "PypiTokenDetector"
    },
    {
      "name": "SendGridDetector"
    },
    {
      "name": "SlackDetector"
    },
    {
      "name": "SoftlayerDetector"
    },
    {
      "name": "SquareOAuthDetector"
    },
    {
      "name": "StripeDetector"
    },
    {
      "name": "TelegramBotTokenDetector"
    },
    {
      "name": "TwilioKeyDetector"
    }
  ],
  "filters_used": [
    {
      "path": "detect_secrets.filters.allowlist.is_line_allowlisted"
    },
    {
      "path": "detect_secrets.filters.common.is_ignored_due_to_verification_policies",
      "min_level": 2
    },
    {
      "path": "detect_secrets.filters.heuristic.is_indirect_reference"
    },
    {
      "path": "detect_secrets.filters.heuristic.is_likely_id_string"
    },
    {
      "path": "detect_secrets.filters.heuristic.is_lock_file"
    },
    {
      "path": "detect_secrets.filters.heuristic.is_not_alphanumeric_string"
    },
    {
      "path": "detect_secrets.filters.heuristic.is_potential_uuid"
    },
    {
      "path": "detect_secrets.filters.heuristic.is_prefixed_with_dollar_sign"
    },
    {
      "path": "detect_secrets.filters.heuristic.is_sequential_string"
    },
    {
      "path": "detect_secrets.filters.heuristic.is_swagger_file"
    },
    {
      "path": "detect_secrets.filters.heuristic.is_templated_secret"
    }
  ],
  "results": {
    ".github\\workflows\\ci.yml": [
      {
        "type": "Secret Keyword",
        "filename": ".github\\workflows\\ci.yml",
        "hashed_secret": "d3c54573cb632596402ecbbf9d58fb3b6b5cb3a5",
        "is_verified": false,
        "line_number": 54
      },
      {
        "type": "Basic Auth Credentials",
        "filename": ".github\\workflows\\ci.yml",
        "hashed_secret": "d3c54573cb632596402ecbbf9d58fb3b6b5cb3a5",
        "is_verified": false,
        "line_number": 63
      },
      {
        "type": "Secret Keyword",
        "filename": ".github\\workflows\\ci.yml",
        "hashed_secret": "1e9a06efdc23d0c6e6e9d52f86adf0a4e31a9143",
        "is_verified": false,
        "line_number": 66
      }
    ],
    "backend\\CONFIGURATION_GUIDE.md": [
      {
        "type": "Basic Auth Credentials",
        "filename": "backend\\CONFIGURATION_GUIDE.md",
        "hashed_secret": "5ea49f9828a7995e140ae8b2d7c1e68ad3cf85d2",
        "is_verified": false,
        "line_number": 32
      },
      {
        "type": "Basic Auth Credentials",
        "filename": "backend\\CONFIGURATION_GUIDE.md",
        "hashed_secret": "9d4e1e23bd5b727046a9e3b4b7db57bd8d6ee684",
        "is_verified": false,
        "line_number": 115
      },
      {
        "type": "Basic Auth Credentials",
        "filename": "backend\\CONFIGURATION_GUIDE.md",
        "hashed_secret": "5baa61e4c9b93f3f0682250b6cf8331b7ee68fd8",
        "is_verified": false,
        "line_number": 178
      }
    ],
    "backend\\CONFIG_QUICK_REF.md": [
      {
        "type": "Basic Auth Credentials",
        "filename": "backend\\CONFIG_QUICK_REF.md",
        "hashed_secret": "9d4e1e23bd5b727046a9e3b4b7db57bd8d6ee684",
        "is_verified": false,
        "line_number": 27
      },
      {
        "type": "Basic Auth Credentials",
        "filename": "backend\\CONFIG_QUICK_REF.md",
        "hashed_secret": "5ea49f9828a7995e140ae8b2d7c1e68ad3cf85d2",
        "is_verified": false,
        "line_number": 116
      },
      {
        "type": "Basic Auth Credentials",
        "filename": "backend\\CONFIG_QUICK_REF.md",
        "hashed_secret": "a94a8fe5ccb19ba61c4c0873d391e987982fbbd3",
        "is_verified": false,
        "line_number": 310
      }
    ],
    "backend\\alembic.ini": [
      {
        "type": "Basic Auth Credentials",
        "filename": "backend\\alembic.ini",
        "hashed_secret": "9d4e1e23bd5b727046a9e3b4b7db57bd8d6ee684",
        "is_verified": false,
        "line_number": 62
      }
    ],
    "backend\\alembic\\versions\\32eae96873a4_add_email_allowlist_table.py": [
      {
        "type": "Hex High Entropy String",
        "filename": "backend\\alembic\\versions\\32eae96873a4_add_email_allowlist_table.py",
        "hashed_secret": "4f7ccfb8e5de3ff9673fddffd55a9a3208c223ac",
        "is_verified": false,
        "line_number": 15
      }
    ],
    "backend\\alembic\\versions\\4a9207e8cc43_add_material_package_id_to_jobs.py": [
      {
        "type": "Hex High Entropy String",
        "filename": "backend\\alembic\\versions\\4a9207e8cc43_add_material_package_id_to_jobs.py",
        "hashed_secret": "254e49edc29ea5781b7dbefe16faa1ffee6d0357",
        "is_verified": false,
        "line_number": 16
      }
    ],
    "backend\\alembic\\versions\\685cd40ce46f_create_generation_runs_table.py": [
      {
        "type": "Hex High Entropy String",
        "filename": "backend\\alembic\\versions\\685cd40ce46f_create_generation_runs_table.py",
        "hashed_secret": "8dfd3ceca5e5e27beb4acb313b4d68c760305034",
        "is_verified": false,
        "line_number": 16
      }
    ],
    "backend\\alembic\\versions\\a5b3c7d9e1f2_add_alt_text_filename_to_project_images.py": [
      {
        "type": "Hex High Entropy String",
        "filename": "backend\\alembic\\versions\\a5b3c7d9e1f2_add_alt_text_filename_to_project_images.py",
        "hashed_secret": "45cc78d7ee7e8a02ef2ae873c5339a3413e82d1e",
        "is_verified": false,
        "line_number": 15
      },
      {
        "type": "Hex High Entropy String",
        "filename": "backend\\alembic\\versions\\a5b3c7d9e1f2_add_alt_text_filename_to_project_images.py",
        "hashed_secret": "4f7ccfb8e5de3ff9673fddffd55a9a3208c223ac",
        "is_verified": false,
        "line_number": 16
      }
    ],
    "backend\\alembic\\versions\\c1234567890a_add_template_type_to_projects.py": [
      {
        "type": "Hex High Entropy String",
        "filename": "backend\\alembic\\versions\\c1234567890a_add_template_type_to_projects.py",
        "hashed_secret": "81ac96e74d890a3d8396e4344ee3092b3b5f9f2b",
        "is_verified": false,
        "line_number": 15
      }
    ],
    "backend\\alembic\\versions\\d1234567890b_remove_full_job_type.py": [
      {
        "type": "Hex High Entropy String",
        "filename": "backend\\alembic\\versions\\d1234567890b_remove_full_job_type.py",
        "hashed_secret": "b67a4bb4d7cae4054926dd46c89c7440b073ef74",
        "is_verified": false,
        "line_number": 18
      }
    ],
    "backend\\app\\config\\README.md": [
      {
        "type": "Basic Auth Credentials",
        "filename": "backend\\app\\config\\README.md",
        "hashed_secret": "a94a8fe5ccb19ba61c4c0873d391e987982fbbd3",
        "is_verified": false,
        "line_number": 231
      },
      {
        "type": "Secret Keyword",
        "filename": "backend\\app\\config\\README.md",
        "hashed_secret": "609a5fb3e9e7df743ed636843c3cc80ee42530be",
        "is_verified": false,
        "line_number": 232
      },
      {
        "type": "Secret Keyword",
        "filename": "backend\\app\\config\\README.md",
        "hashed_secret": "3acfb2c2b433c0ea7ff107e33df91b18e52f960f",
        "is_verified": false,
        "line_number": 233
      }
    ],
    "backend\\app\\services\\DATA_STRUCTURER_README.md": [
      {
        "type": "Secret Keyword",
        "filename": "backend\\app\\services\\DATA_STRUCTURER_README.md",
        "hashed_secret": "8e6c66eee56e13a84102f57ac92aa0330031574c",
        "is_verified": false,
        "line_number": 43
      }
    ],
    "backend\\scripts\\seed_templates.py": [
      {
        "type": "Base64 High Entropy String",
        "filename": "backend\\scripts\\seed_templates.py",
        "hashed_secret": "5055debdf87105324a02c9bd7d4378561cb989a7",
        "is_verified": false,
        "line_number": 41
      }
    ],
    "backend\\tests\\test_anthropic_client.py": [
      {
        "type": "Secret Keyword",
        "filename": "backend\\tests\\test_anthropic_client.py",
        "hashed_secret": "2e7a7ee14caebf378fc32d6cf6f557f347c96773",
        "is_verified": false,
        "line_number": 85
      }
    ],
    "backend\\tests\\test_config.py": [
      {
        "type": "Basic Auth Credentials",
        "filename": "backend\\tests\\test_config.py",
        "hashed_secret": "9d4e1e23bd5b727046a9e3b4b7db57bd8d6ee684",
        "is_verified": false,
        "line_number": 18
      },
      {
        "type": "Secret Keyword",
        "filename": "backend\\tests\\test_config.py",
        "hashed_secret": "fe1bae27cb7c1fb823f496f286e78f1d2ae87734",
        "is_verified": false,
        "line_number": 21
      },
      {
        "type": "Secret Keyword",
        "filename": "backend\\tests\\test_config.py",
        "hashed_secret": "60dae6886103a20b3fd75814ece38eb861246083",
        "is_verified": false,
        "line_number": 22
      },
      {
        "type": "Secret Keyword",
        "filename": "backend\\tests\\test_config.py",
        "hashed_secret": "a94a8fe5ccb19ba61c4c0873d391e987982fbbd3",
        "is_verified": false,
        "line_number": 43
      },
      {
        "type": "Secret Keyword",
        "filename": "backend\\tests\\test_config.py",
        "hashed_secret": "fd9a45bc0b07706d849cf85021ecf9123fa83d82",
        "is_verified": false,
        "line_number": 44
      },
      {
        "type": "Secret Keyword",
        "filename": "backend\\tests\\test_config.py",
        "hashed_secret": "a0f4ea7d91495df92bbac2e2149dfb850fe81396",
        "is_verified": false,
        "line_number": 61
      },
      {
        "type": "Basic Auth Credentials",
        "filename": "backend\\tests\\test_config.py",
        "hashed_secret": "a94a8fe5ccb19ba61c4c0873d391e987982fbbd3",
        "is_verified": false,
        "line_number": 208
      },
      {
        "type": "Secret Keyword",
        "filename": "backend\\tests\\test_config.py",
        "hashed_secret": "dfc9ffb0d3044be7dc811b66dd620dd25b6556ed",
        "is_verified": false,
        "line_number": 209
      },
      {
        "type": "Secret Keyword",
        "filename": "backend\\tests\\test_config.py",
        "hashed_secret": "03f5e2d670af3e9183f3fe790785b0d41291a17d",
        "is_verified": false,
        "line_number": 211
      }
    ],
    "backend\\tests\\test_content_generator.py": [
      {
        "type": "Secret Keyword",
        "filename": "backend\\tests\\test_content_generator.py",
        "hashed_secret": "3acfb2c2b433c0ea7ff107e33df91b18e52f960f",
        "is_verified": false,
        "line_number": 62
      }
    ],
    "backend\\tests\\test_data_structurer.py": [
      {
        "type": "Secret Keyword",
        "filename": "backend\\tests\\test_data_structurer.py",
        "hashed_secret": "2e7a7ee14caebf378fc32d6cf6f557f347c96773",
        "is_verified": false,
        "line_number": 43
      },
      {
        "type": "Secret Keyword",
        "filename": "backend\\tests\\test_data_structurer.py",
        "hashed_secret": "71fdbe9f60b1157a53c18b7ec93d4041d828aaad",
        "is_verified": false,
        "line_number": 150
      }
    ],
    "backend\\tests\\test_floor_plan.py": [
      {
        "type": "Secret Keyword",
        "filename": "backend\\tests\\test_floor_plan.py",
        "hashed_secret": "2e7a7ee14caebf378fc32d6cf6f557f347c96773",
        "is_verified": false,
        "line_number": 100
      },
      {
        "type": "Secret Keyword",
        "filename": "backend\\tests\\test_floor_plan.py",
        "hashed_secret": "a1b49d68a91fdf9c9217773f3fac988d77fa0f50",
        "is_verified": false,
        "line_number": 114
      },
      {
        "type": "Secret Keyword",
        "filename": "backend\\tests\\test_floor_plan.py",
        "hashed_secret": "71fdbe9f60b1157a53c18b7ec93d4041d828aaad",
        "is_verified": false,
        "line_number": 119
      },
      {
        "type": "Secret Keyword",
        "filename": "backend\\tests\\test_floor_plan.py",
        "hashed_secret": "3acfb2c2b433c0ea7ff107e33df91b18e52f960f",
        "is_verified": false,
        "line_number": 136
      }
    ],
    "backend\\tests\\test_image_classifier.py": [
      {
        "type": "Secret Keyword",
        "filename": "backend\\tests\\test_image_classifier.py",
        "hashed_secret": "3acfb2c2b433c0ea7ff107e33df91b18e52f960f",
        "is_verified": false,
        "line_number": 469
      }
    ],
    "backend\\tests\\test_prompt_db_integration.py": [
      {
        "type": "Secret Keyword",
        "filename": "backend\\tests\\test_prompt_db_integration.py",
        "hashed_secret": "3acfb2c2b433c0ea7ff107e33df91b18e52f960f",
        "is_verified": false,
        "line_number": 27
      }
    ],
    "backend\\tests\\test_prompt_system_e2e.py": [
      {
        "type": "Secret Keyword",
        "filename": "backend\\tests\\test_prompt_system_e2e.py",
        "hashed_secret": "3acfb2c2b433c0ea7ff107e33df91b18e52f960f",
        "is_verified": false,
        "line_number": 32
      }
    ],
    "backend\\tests\\test_watermark.py": [
      {
        "type": "Secret Keyword",
        "filename": "backend\\tests\\test_watermark.py",
        "hashed_secret": "3acfb2c2b433c0ea7ff107e33df91b18e52f960f",
        "is_verified": false,
        "line_number": 88
      },
      {
        "type": "Secret Keyword",
        "filename": "backend\\tests\\test_watermark.py",
        "hashed_secret": "a1b49d68a91fdf9c9217773f3fac988d77fa0f50",
        "is_verified": false,
        "line_number": 100
      }
    ],
    "docs\\plans\\.archive\\qa_reports\\QA-JOB-001_testing_guide.md": [
      {
        "type": "Basic Auth Credentials",
        "filename": "docs\\plans\\.archive\\qa_reports\\QA-JOB-001_testing_guide.md",
        "hashed_secret": "9d4e1e23bd5b727046a9e3b4b7db57bd8d6ee684",
        "is_verified": false,
        "line_number": 24
      }
    ],
    "docs\\plans\\.archive\\template-organization\\analyze_aggregators.py": [
      {
        "type": "Base64 High Entropy String",
        "filename": "docs\\plans\\.archive\\template-organization\\analyze_aggregators.py",
        "hashed_secret": "04a611f871ae40d62119b0dcab81c874610a4228",
        "is_verified": false,
        "line_number": 20
      },
      {
        "type": "Base64 High Entropy String",
        "filename": "docs\\plans\\.archive\\template-organization\\analyze_aggregators.py",
        "hashed_secret": "8d54a2a4b56a22ea0cb29266e6fba1f9e35c6ddc",
        "is_verified": false,
        "line_number": 21
      },
      {
        "type": "Base64 High Entropy String",
        "filename": "docs\\plans\\.archive\\template-organization\\analyze_aggregators.py",
        "hashed_secret": "e0ab6fa185e2a8caad61758e9f2974fb2d520f90",
        "is_verified": false,
        "line_number": 22
      },
      {
        "type": "Base64 High Entropy String",
        "filename": "docs\\plans\\.archive\\template-organization\\analyze_aggregators.py",
        "hashed_secret": "f944689838b1d262a0cea49b068381591ba4e389",
        "is_verified": false,
        "line_number": 23
      },
      {
        "type": "Base64 High Entropy String",
        "filename": "docs\\plans\\.archive\\template-organization\\analyze_aggregators.py",
        "hashed_secret": "2cda34d4804ce7ea78dbcd24d9fc3105f3b1470d",
        "is_verified": false,
        "line_number": 24
      },
      {
        "type": "Base64 High Entropy String",
        "filename": "docs\\plans\\.archive\\template-organization\\analyze_aggregators.py",
        "hashed_secret": "f0b392a07f00665d84ae9c69e7559514618281b9",
        "is_verified": false,
        "line_number": 25
      },
      {
        "type": "Base64 High Entropy String",
        "filename": "docs\\plans\\.archive\\template-organization\\analyze_aggregators.py",
        "hashed_secret": "5fdd5d112c6686487349bfa39d0809626281f71f",
        "is_verified": false,
        "line_number": 26
      },
      {
        "type": "Base64 High Entropy String",
        "filename": "docs\\plans\\.archive\\template-organization\\analyze_aggregators.py",
        "hashed_secret": "1639edcc6ced8a5d999ae5643fd233dd0df38cfe",
        "is_verified": false,
        "line_number": 27
      },
      {
        "type": "Base64 High Entropy String",
        "filename": "docs\\plans\\.archive\\template-organization\\analyze_aggregators.py",
        "hashed_secret": "04493a09713b3ad339658f071bf747a4cc49a024",
        "is_verified": false,
        "line_number": 28
      },
      {
        "type": "Base64 High Entropy String",
        "filename": "docs\\plans\\.archive\\template-organization\\analyze_aggregators.py",
        "hashed_secret": "98d677265c4cbf75501dd743ab9e36e904a88f96",
        "is_verified": false,
        "line_number": 29
      },
      {
        "type": "Base64 High Entropy String",
        "filename": "docs\\plans\\.archive\\template-organization\\analyze_aggregators.py",
        "hashed_secret": "3b9a7bfdc00c03ba14141c9a3908a84434e9a9ec",
        "is_verified": false,
        "line_number": 30
      },
      {
        "type": "Base64 High Entropy String",
        "filename": "docs\\plans\\.archive\\template-organization\\analyze_aggregators.py",
        "hashed_secret": "43de5bceacae723ac3a9619adf0af6ca7536ce70",
        "is_verified": false,
        "line_number": 31
      },
      {
        "type": "Base64 High Entropy String",
        "filename": "docs\\plans\\.archive\\template-organization\\analyze_aggregators.py",
        "hashed_secret": "a85d5b0c14a9381c72ab16c88107f7232e75d7ba",
        "is_verified": false,
        "line_number": 32
      },
      {
        "type": "Base64 High Entropy String",
        "filename": "docs\\plans\\.archive\\template-organization\\analyze_aggregators.py",
        "hashed_secret": "e793249e5d0aaf647311e0d2ba27330537ed69cb",
        "is_verified": false,
        "line_number": 33
      },
      {
        "type": "Base64 High Entropy String",
        "filename": "docs\\plans\\.archive\\template-organization\\analyze_aggregators.py",
        "hashed_secret": "602367b2b1856d4be65d7df2f10f4f746ca3aadb",
        "is_verified": false,
        "line_number": 34
      },
      {
        "type": "Base64 High Entropy String",
        "filename": "docs\\plans\\.archive\\template-organization\\analyze_aggregators.py",
        "hashed_secret": "6ab8c458967dec29666462f79f88150b3ed7e815",
        "is_verified": false,
        "line_number": 35
      },
      {
        "type": "Base64 High Entropy String",
        "filename": "docs\\plans\\.archive\\template-organization\\analyze_aggregators.py",
        "hashed_secret": "726bc9f6a9c1c09616c8d0943000c75480a05165",
        "is_verified": false,
        "line_number": 36
      },
      {
        "type": "Base64 High Entropy String",
        "filename": "docs\\plans\\.archive\\template-organization\\analyze_aggregators.py",
        "hashed_secret": "60170ff2bad63028168b10e5c16311cabde34154",
        "is_verified": false,
        "line_number": 37
      },
      {
        "type": "Base64 High Entropy String",
        "filename": "docs\\plans\\.archive\\template-organization\\analyze_aggregators.py",
        "hashed_secret": "9836e742d4615d6ebb610b3952c7d522019cf893",
        "is_verified": false,
        "line_number": 38
      },
      {
        "type": "Base64 High Entropy String",
        "filename": "docs\\plans\\.archive\\template-organization\\analyze_aggregators.py",
        "hashed_secret": "53014ed89411139b89c43f17f7fcc2a9e5d0d14b",
        "is_verified": false,
        "line_number": 39
      },
      {
        "type": "Base64 High Entropy String",
        "filename": "docs\\plans\\.archive\\template-organization\\analyze_aggregators.py",
        "hashed_secret": "ef19ce26d6d21425f2dfda3dc82b5d03c930dfe2",
        "is_verified": false,
        "line_number": 40
      },
      {
        "type": "Base64 High Entropy String",
        "filename": "docs\\plans\\.archive\\template-organization\\analyze_aggregators.py",
        "hashed_secret": "69cb309a2314a98739a050db3eee400a3f80e125",
        "is_verified": false,
        "line_number": 41
      }
    ],
    "docs\\plans\\.archive\\template-organization\\template_analysis_v2.json": [
      {
        "type": "Hex High Entropy String",
        "filename": "docs\\plans\\.archive\\template-organization\\template_analysis_v2.json",
        "hashed_secret": "d68af1247e9b210901deb0ab05b90eb4b40ca376",
        "is_verified": false,
        "line_number": 6
      },
      {
        "type": "Hex High Entropy String",
        "filename": "docs\\plans\\.archive\\template-organization\\template_analysis_v2.json",
        "hashed_secret": "15472b6cc2bf01e0ad8ea5ff43e6a851c6c54b37",
        "is_verified": false,
        "line_number": 9
      },
      {
        "type": "Hex High Entropy String",
        "filename": "docs\\plans\\.archive\\template-organization\\template_analysis_v2.json",
        "hashed_secret": "cbe5e5e5fb299f06e4d3326b511246c4d1b85a50",
        "is_verified": false,
        "line_number": 13
      },
      {
        "type": "Hex High Entropy String",
        "filename": "docs\\plans\\.archive\\template-organization\\template_analysis_v2.json",
        "hashed_secret": "61ded8569dade8aecd14f996af12c5cff529d002",
        "is_verified": false,
        "line_number": 23
      },
      {
        "type": "Hex High Entropy String",
        "filename": "docs\\plans\\.archive\\template-organization\\template_analysis_v2.json",
        "hashed_secret": "56a38ee40557580dcdf9bfc9351f5badc67a0b4c",
        "is_verified": false,
        "line_number": 26
      },
      {
        "type": "Hex High Entropy String",
        "filename": "docs\\plans\\.archive\\template-organization\\template_analysis_v2.json",
        "hashed_secret": "8da4e82db5b71b78b16333ff9d8f9a182722ed95",
        "is_verified": false,
        "line_number": 29
      },
      {
        "type": "Hex High Entropy String",
        "filename": "docs\\plans\\.archive\\template-organization\\template_analysis_v2.json",
        "hashed_secret": "c89c62381a5a21961df643b8f1a93460a8339b73",
        "is_verified": false,
        "line_number": 32
      },
      {
        "type": "Hex High Entropy String",
        "filename": "docs\\plans\\.archive\\template-organization\\template_analysis_v2.json",
        "hashed_secret": "9cb7993bc03a168b6840a60818743ef5e9bd31b7",
        "is_verified": false,
        "line_number": 35
      },
      {
        "type": "Hex High Entropy String",
        "filename": "docs\\plans\\.archive\\template-organization\\template_analysis_v2.json",
        "hashed_secret": "20254d6ffdbd1e1f0cc9da2b95e086ac3ecd5009",
        "is_verified": false,
        "line_number": 42
      },
      {
        "type": "Hex High Entropy String",
        "filename": "docs\\plans\\.archive\\template-organization\\template_analysis_v2.json",
        "hashed_secret": "51a75e241da38b037c122352104f97c47e5ab985",
        "is_verified": false,
        "line_number": 45
      }
    ],
    "docs\\plans\\2026-01-29-prompt-system-phase2.md": [
      {
        "type": "Base64 High Entropy String",
        "filename": "docs\\plans\\2026-01-29-prompt-system-phase2.md",
        "hashed_secret": "5055debdf87105324a02c9bd7d4378561cb989a7",
        "is_verified": false,
        "line_number": 915
      }
    ],
    "docs\\plans\\audit\\00-master-findings.md": [
      {
        "type": "Basic Auth Credentials",
        "filename": "docs\\plans\\audit\\00-master-findings.md",
        "hashed_secret": "d3c54573cb632596402ecbbf9d58fb3b6b5cb3a5",
        "is_verified": false,
        "line_number": 23
      }
    ],
    "docs\\plans\\audit\\01-backend-security.md": [
      {
        "type": "Basic Auth Credentials",
        "filename": "docs\\plans\\audit\\01-backend-security.md",
        "hashed_secret": "d3c54573cb632596402ecbbf9d58fb3b6b5cb3a5",
        "is_verified": false,
        "line_number": 41
      }
    ],
    "docs\\plans\\execution-phase\\00-prerequisites\\SETUP_PROGRESS_CHECKLIST.md": [
      {
        "type": "Basic Auth Credentials",
        "filename": "docs\\plans\\execution-phase\\00-prerequisites\\SETUP_PROGRESS_CHECKLIST.md",
        "hashed_secret": "d3c54573cb632596402ecbbf9d58fb3b6b5cb3a5",
        "is_verified": false,
        "line_number": 324
      },
      {
        "type": "Basic Auth Credentials",
        "filename": "docs\\plans\\execution-phase\\00-prerequisites\\SETUP_PROGRESS_CHECKLIST.md",
        "hashed_secret": "112bb791304791ddcf692e29fd5cf149b35fea37",
        "is_verified": false,
        "line_number": 353
      }
    ],
    "docs\\plans\\execution-phase\\01-architecture\\INFRASTRUCTURE.md": [
      {
        "type": "Basic Auth Credentials",
        "filename": "docs\\plans\\execution-phase\\01-architecture\\INFRASTRUCTURE.md",
        "hashed_secret": "5baa61e4c9b93f3f0682250b6cf8331b7ee68fd8",
        "is_verified": false,
        "line_number": 282
      },
      {
        "type": "Base64 High Entropy String",
        "filename": "docs\\plans\\execution-phase\\01-architecture\\INFRASTRUCTURE.md",
        "hashed_secret": "a0f9b273d0cb6e6090779f05d22939da9ae22fde",
        "is_verified": false,
        "line_number": 545
      }
    ],
    "docs\\plans\\execution-phase\\04-backend\\BACKGROUND_JOBS.md": [
      {
        "type": "Base64 High Entropy String",
        "filename": "docs\\plans\\execution-phase\\04-backend\\BACKGROUND_JOBS.md",
        "hashed_secret": "ff4391f136eb6aaa0af57f796e3eb2ff11a47d78",
        "is_verified": false,
        "line_number": 637
      }
    ],
    "docs\\plans\\execution-phase\\05-integrations\\GOOGLE_OAUTH_SETUP.md": [
      {
        "type": "Secret Keyword",
        "filename": "docs\\plans\\execution-phase\\05-integrations\\GOOGLE_OAUTH_SETUP.md",
        "hashed_secret": "4828aeee87a0527949cb106d4c50ae10fd333cef",
        "is_verified": false,
        "line_number": 92
      }
    ],
    "docs\\plans\\execution-phase\\06-devops\\CICD_PIPELINE.md": [
      {
        "type": "Basic Auth Credentials",
        "filename": "docs\\plans\\execution-phase\\06-devops\\CICD_PIPELINE.md",
        "hashed_secret": "9d4e1e23bd5b727046a9e3b4b7db57bd8d6ee684",
        "is_verified": false,
        "line_number": 745
      }
    ],
    "docs\\plans\\execution-phase\\06-devops\\DEPLOYMENT_GUIDE.md": [
      {
        "type": "Basic Auth Credentials",
        "filename": "docs\\plans\\execution-phase\\06-devops\\DEPLOYMENT_GUIDE.md",
        "hashed_secret": "5baa61e4c9b93f3f0682250b6cf8331b7ee68fd8",
        "is_verified": false,
        "line_number": 236
      },
      {
        "type": "Secret Keyword",
        "filename": "docs\\plans\\execution-phase\\06-devops\\DEPLOYMENT_GUIDE.md",
        "hashed_secret": "354b3a4b7715d3694c88a4fa7db49e41de86568e",
        "is_verified": false,
        "line_number": 312
      },
      {
        "type": "Secret Keyword",
        "filename": "docs\\plans\\execution-phase\\06-devops\\DEPLOYMENT_GUIDE.md",
        "hashed_secret": "1b8154da91d09cc608eed9e9223d470812bc5320",
        "is_verified": false,
        "line_number": 433
      }
    ],
    "docs\\plans\\execution-phase\\06-devops\\LOCAL_DEVELOPMENT.md": [
      {
        "type": "Basic Auth Credentials",
        "filename": "docs\\plans\\execution-phase\\06-devops\\LOCAL_DEVELOPMENT.md",
        "hashed_secret": "0dbfb112168528b103b4f0993ba2b9ed76a877a6",
        "is_verified": false,
        "line_number": 248
      },
      {
        "type": "Secret Keyword",
        "filename": "docs\\plans\\execution-phase\\06-devops\\LOCAL_DEVELOPMENT.md",
        "hashed_secret": "0dbfb112168528b103b4f0993ba2b9ed76a877a6",
        "is_verified": false,
        "line_number": 302
      },
      {
        "type": "Basic Auth Credentials",
        "filename": "docs\\plans\\execution-phase\\06-devops\\LOCAL_DEVELOPMENT.md",
        "hashed_secret": "d3c54573cb632596402ecbbf9d58fb3b6b5cb3a5",
        "is_verified": false,
        "line_number": 547
      },
      {
        "type": "Basic Auth Credentials",
        "filename": "docs\\plans\\execution-phase\\06-devops\\LOCAL_DEVELOPMENT.md",
        "hashed_secret": "112bb791304791ddcf692e29fd5cf149b35fea37",
        "is_verified": false,
        "line_number": 550
      }
    ],
    "docs\\plans\\execution-phase\\07-testing\\INTEGRATION_TESTS.md": [
      {
        "type": "Basic Auth Credentials",
        "filename": "docs\\plans\\execution-phase\\07-testing\\INTEGRATION_TESTS.md",
        "hashed_secret": "a94a8fe5ccb19ba61c4c0873d391e987982fbbd3",
        "is_verified": false,
        "line_number": 67
      }
    ],
    "docs\\plans\\execution-phase\\07-testing\\UNIT_TEST_PATTERNS.md": [
      {
        "type": "Basic Auth Credentials",
        "filename": "docs\\plans\\execution-phase\\07-testing\\UNIT_TEST_PATTERNS.md",
        "hashed_secret": "a94a8fe5ccb19ba61c4c0873d391e987982fbbd3",
        "is_verified": false,
        "line_number": 353
      }
    ],
    "docs\\plans\\execution-phase\\08-user-guides\\DEVELOPER_GUIDE.md": [
      {
        "type": "Secret Keyword",
        "filename": "docs\\plans\\execution-phase\\08-user-guides\\DEVELOPER_GUIDE.md",
        "hashed_secret": "c64f423dda3602ef5e2cede27e0520cd505166bc",
        "is_verified": false,
        "line_number": 727
      }
    ],
    "docs\\plans\\execution-phase\\_agent-briefs\\05-integrations-agent-brief.md": [
      {
        "type": "Basic Auth Credentials",
        "filename": "docs\\plans\\execution-phase\\_agent-briefs\\05-integrations-agent-brief.md",
        "hashed_secret": "9d4e1e23bd5b727046a9e3b4b7db57bd8d6ee684",
        "is_verified": false,
        "line_number": 613
      }
    ],
    "docs\\plans\\execution-phase\\_agent-briefs\\QA_RUNTIME_VALIDATION_TEMPLATE.md": [
      {
        "type": "Basic Auth Credentials",
        "filename": "docs\\plans\\execution-phase\\_agent-briefs\\QA_RUNTIME_VALIDATION_TEMPLATE.md",
        "hashed_secret": "a94a8fe5ccb19ba61c4c0873d391e987982fbbd3",
        "is_verified": false,
        "line_number": 102
      }
    ],
    "docs\\plans\\execution-phase\\_agent-briefs\\phase-0-foundation\\DEV-DB-001.md": [
      {
        "type": "Basic Auth Credentials",
        "filename": "docs\\plans\\execution-phase\\_agent-briefs\\phase-0-foundation\\DEV-DB-001.md",
        "hashed_secret": "d3c54573cb632596402ecbbf9d58fb3b6b5cb3a5",
        "is_verified": false,
        "line_number": 138
      },
      {
        "type": "Basic Auth Credentials",
        "filename": "docs\\plans\\execution-phase\\_agent-briefs\\phase-0-foundation\\DEV-DB-001.md",
        "hashed_secret": "112bb791304791ddcf692e29fd5cf149b35fea37",
        "is_verified": false,
        "line_number": 144
      }
    ],
    "docs\\plans\\execution-phase\\_agent-briefs\\phase-0-foundation\\QA-CONFIG-001.md": [
      {
        "type": "Basic Auth Credentials",
        "filename": "docs\\plans\\execution-phase\\_agent-briefs\\phase-0-foundation\\QA-CONFIG-001.md",
        "hashed_secret": "a94a8fe5ccb19ba61c4c0873d391e987982fbbd3",
        "is_verified": false,
        "line_number": 206
      },
      {
        "type": "Secret Keyword",
        "filename": "docs\\plans\\execution-phase\\_agent-briefs\\phase-0-foundation\\QA-CONFIG-001.md",
        "hashed_secret": "26ed3acdfc3f172680144140f22d45e8a8ae5f15",
        "is_verified": false,
        "line_number": 207
      },
      {
        "type": "Secret Keyword",
        "filename": "docs\\plans\\execution-phase\\_agent-briefs\\phase-0-foundation\\QA-CONFIG-001.md",
        "hashed_secret": "c47d8e96eae755868a66c3a8283e4f0f2cae24b1",
        "is_verified": false,
        "line_number": 209
      },
      {
        "type": "Secret Keyword",
        "filename": "docs\\plans\\execution-phase\\_agent-briefs\\phase-0-foundation\\QA-CONFIG-001.md",
        "hashed_secret": "60dae6886103a20b3fd75814ece38eb861246083",
        "is_verified": false,
        "line_number": 210
      }
    ],
    "docs\\plans\\execution-phase\\_agent-outputs\\QA-AUTH-001-validation-report.json": [
      {
        "type": "Secret Keyword",
        "filename": "docs\\plans\\execution-phase\\_agent-outputs\\QA-AUTH-001-validation-report.json",
        "hashed_secret": "51c69e497b804f121ca93794fdfb6dbea995ad3c",
        "is_verified": false,
        "line_number": 21
      },
      {
        "type": "Secret Keyword",
        "filename": "docs\\plans\\execution-phase\\_agent-outputs\\QA-AUTH-001-validation-report.json",
        "hashed_secret": "450d5595ef3f3d254766c9db039ae3e75731c8f0",
        "is_verified": false,
        "line_number": 65
      },
      {
        "type": "Secret Keyword",
        "filename": "docs\\plans\\execution-phase\\_agent-outputs\\QA-AUTH-001-validation-report.json",
        "hashed_secret": "d7d7fd69f25c0877c34bc4ee9ab0781e0cbd9bba",
        "is_verified": false,
        "line_number": 70
      }
    ]
  },
  "generated_at": "2026-03-02T09:28:57Z"
}
